DuplicateTypeAnnotation.java:11:32: compiler.err.duplicate.annotation
1 error
