ResourceInterface.java:38:34: compiler.err.unreported.exception.need.to.catch.or.throw: ResourceInterface.E1
1 error
