DuplicateAnnotationValue.java:10:26: compiler.err.duplicate.annotation.member.value: value, A
1 error
