DuplicateTypeAnnotation.java:11:15: compiler.err.duplicate.annotation
1 error
