T6857948.java:16:32: compiler.err.cant.resolve.location.args: kindname.method, nosuchfunction, , , kindname.class, Test
T6857948.java:16:50: compiler.err.cant.apply.symbol: kindname.constructor, Foo, java.lang.String, compiler.misc.no.args, kindname.class, Foo, null
2 errors
