MissingAnnotationValue.java:10:9: compiler.err.annotation.missing.default.value: A, field
1 error
