IndexArray.java:10:15: compiler.err.illegal.start.of.expr
1 error
