Scopes.java:8:25: compiler.err.cant.resolve: kindname.class, UniqueInner, , 
1 error
