DuplicateAnnotationValue.java:9:29: compiler.err.duplicate.annotation.member.value: value, A
1 error
