InvalidLocation.java:10:15: compiler.err.annotation.type.not.applicable
1 error
