MissingAnnotationValue.java:9:15: compiler.err.annotation.missing.default.value: A, field
1 error
