Neg07.java:17:27: compiler.err.cant.apply.diamond.1: (compiler.misc.diamond: Neg07.Foo), (compiler.misc.inferred.do.not.conform.to.bounds: java.lang.String, java.lang.Number)
Neg07.java:18:27: compiler.err.cant.apply.diamond.1: (compiler.misc.diamond: Neg07.Foo), (compiler.misc.inferred.do.not.conform.to.bounds: java.lang.String, java.lang.Number)
2 errors
