Neg09.java:19:24: compiler.err.cant.apply.diamond.1: (compiler.misc.diamond: Neg09.Foo), (compiler.misc.diamond.invalid.arg: java.lang.Number&java.lang.Comparable<java.lang.Number>, (compiler.misc.diamond: Neg09.Foo))
Neg09.java:20:38: compiler.err.cant.apply.diamond.1: (compiler.misc.diamond: Neg09.DoubleFoo), (compiler.misc.diamond.invalid.args: java.lang.Number&java.lang.Comparable<java.lang.Number>,java.lang.Number&java.lang.Comparable<java.lang.Number>, (compiler.misc.diamond: Neg09.DoubleFoo))
Neg09.java:21:40: compiler.err.cant.apply.diamond.1: (compiler.misc.diamond: Neg09.TripleFoo), (compiler.misc.diamond.invalid.args: java.lang.Number&java.lang.Comparable<java.lang.Number>,java.lang.Number&java.lang.Comparable<java.lang.Number>, (compiler.misc.diamond: Neg09.TripleFoo))
3 errors
