Neg02.java:19:13: compiler.err.not.within.bounds: java.lang.String
Neg02.java:19:26: compiler.err.cant.apply.diamond: (compiler.misc.diamond: Neg02.Foo), null
Neg02.java:20:13: compiler.err.not.within.bounds: ? extends java.lang.String
Neg02.java:20:36: compiler.err.cant.apply.diamond: (compiler.misc.diamond: Neg02.Foo), null
Neg02.java:21:21: compiler.err.cant.apply.diamond: (compiler.misc.diamond: Neg02.Foo), null
Neg02.java:22:13: compiler.err.not.within.bounds: ? super java.lang.String
Neg02.java:22:34: compiler.err.cant.apply.diamond: (compiler.misc.diamond: Neg02.Foo), null
Neg02.java:24:13: compiler.err.not.within.bounds: java.lang.String
Neg02.java:24:26: compiler.err.cant.apply.diamond: (compiler.misc.diamond: Neg02.Foo), null
Neg02.java:25:13: compiler.err.not.within.bounds: ? extends java.lang.String
Neg02.java:25:36: compiler.err.cant.apply.diamond: (compiler.misc.diamond: Neg02.Foo), null
Neg02.java:26:21: compiler.err.cant.apply.diamond: (compiler.misc.diamond: Neg02.Foo), null
Neg02.java:27:13: compiler.err.not.within.bounds: ? super java.lang.String
Neg02.java:27:34: compiler.err.cant.apply.diamond: (compiler.misc.diamond: Neg02.Foo), null
Neg02.java:29:13: compiler.err.not.within.bounds: java.lang.String
Neg02.java:29:26: compiler.err.cant.apply.diamond: (compiler.misc.diamond: Neg02.Foo), null
Neg02.java:30:13: compiler.err.not.within.bounds: ? extends java.lang.String
Neg02.java:30:37: compiler.err.cant.apply.diamond: (compiler.misc.diamond: Neg02.Foo), null
Neg02.java:31:22: compiler.err.cant.apply.diamond: (compiler.misc.diamond: Neg02.Foo), null
Neg02.java:32:13: compiler.err.not.within.bounds: ? super java.lang.String
Neg02.java:32:35: compiler.err.cant.apply.diamond: (compiler.misc.diamond: Neg02.Foo), null
Neg02.java:34:13: compiler.err.not.within.bounds: java.lang.String
Neg02.java:34:27: compiler.err.cant.apply.diamond: (compiler.misc.diamond: Neg02.Foo), null
Neg02.java:35:13: compiler.err.not.within.bounds: ? extends java.lang.String
Neg02.java:35:37: compiler.err.cant.apply.diamond: (compiler.misc.diamond: Neg02.Foo), null
Neg02.java:36:22: compiler.err.cant.apply.diamond: (compiler.misc.diamond: Neg02.Foo), null
Neg02.java:37:13: compiler.err.not.within.bounds: ? super java.lang.String
Neg02.java:37:35: compiler.err.cant.apply.diamond: (compiler.misc.diamond: Neg02.Foo), null
Neg02.java:41:13: compiler.err.not.within.bounds: java.lang.String
Neg02.java:41:26: compiler.err.cant.apply.diamond: (compiler.misc.diamond: Neg02.Foo), null
Neg02.java:42:13: compiler.err.not.within.bounds: ? extends java.lang.String
Neg02.java:42:36: compiler.err.cant.apply.diamond: (compiler.misc.diamond: Neg02.Foo), null
Neg02.java:43:21: compiler.err.cant.apply.diamond: (compiler.misc.diamond: Neg02.Foo), null
Neg02.java:44:13: compiler.err.not.within.bounds: ? super java.lang.String
Neg02.java:44:34: compiler.err.cant.apply.diamond: (compiler.misc.diamond: Neg02.Foo), null
Neg02.java:46:13: compiler.err.not.within.bounds: java.lang.String
Neg02.java:46:26: compiler.err.cant.apply.diamond: (compiler.misc.diamond: Neg02.Foo), null
Neg02.java:47:13: compiler.err.not.within.bounds: ? extends java.lang.String
Neg02.java:47:36: compiler.err.cant.apply.diamond: (compiler.misc.diamond: Neg02.Foo), null
Neg02.java:48:21: compiler.err.cant.apply.diamond: (compiler.misc.diamond: Neg02.Foo), null
Neg02.java:49:13: compiler.err.not.within.bounds: ? super java.lang.String
Neg02.java:49:34: compiler.err.cant.apply.diamond: (compiler.misc.diamond: Neg02.Foo), null
Neg02.java:51:13: compiler.err.not.within.bounds: java.lang.String
Neg02.java:51:26: compiler.err.cant.apply.diamond: (compiler.misc.diamond: Neg02.Foo), null
Neg02.java:52:13: compiler.err.not.within.bounds: ? extends java.lang.String
Neg02.java:52:37: compiler.err.cant.apply.diamond: (compiler.misc.diamond: Neg02.Foo), null
Neg02.java:53:22: compiler.err.cant.apply.diamond: (compiler.misc.diamond: Neg02.Foo), null
Neg02.java:54:13: compiler.err.not.within.bounds: ? super java.lang.String
Neg02.java:54:35: compiler.err.cant.apply.diamond: (compiler.misc.diamond: Neg02.Foo), null
Neg02.java:56:13: compiler.err.not.within.bounds: java.lang.String
Neg02.java:56:27: compiler.err.cant.apply.diamond: (compiler.misc.diamond: Neg02.Foo), null
Neg02.java:57:13: compiler.err.not.within.bounds: ? extends java.lang.String
Neg02.java:57:37: compiler.err.cant.apply.diamond: (compiler.misc.diamond: Neg02.Foo), null
Neg02.java:58:22: compiler.err.cant.apply.diamond: (compiler.misc.diamond: Neg02.Foo), null
Neg02.java:59:13: compiler.err.not.within.bounds: ? super java.lang.String
Neg02.java:59:35: compiler.err.cant.apply.diamond: (compiler.misc.diamond: Neg02.Foo), null
56 errors
