DuplicateTypeAnnotation.java:9:28: compiler.err.duplicate.annotation
1 error
