DuplicateAnnotationValue.java:8:46: compiler.err.duplicate.annotation.member.value: value, A
1 error
