DuplicateTypeAnnotation.java:11:26: compiler.err.duplicate.annotation
1 error
