InvalidLocation.java:11:23: compiler.err.annotation.type.not.applicable
1 error
