MissingAnnotationValue.java:10:23: compiler.err.annotation.missing.default.value: A, field
1 error
