DuplicateAnnotationValue.java:9:42: compiler.err.duplicate.annotation.member.value: value, A
1 error
