DuplicateAnnotationValue.java:8:56: compiler.err.duplicate.annotation.member.value: value, A
1 error
