MissingAnnotationValue.java:8:40: compiler.err.annotation.missing.default.value: A, field
1 error
