T6717241b.java:12:20: compiler.err.cant.resolve.location: kindname.variable, v, , , kindname.class, T6717241b
T6717241b.java:14:9: compiler.err.cant.resolve.location.args: kindname.method, m1, , int,java.lang.String, kindname.class, T6717241b
T6717241b.java:16:18: compiler.err.cant.resolve.location.args.params: kindname.method, m2, java.lang.Integer,java.lang.Double, int,java.lang.String, kindname.class, T6717241b
3 errors
