T6330920.java:11:22: compiler.err.cant.resolve.location: kindname.class, T6330920Missing, , , kindname.class, T6330920
1 error
