Neg02.java:23:24: compiler.err.multicatch.param.must.be.final: ex
1 error
