DuplicateTypeAnnotation.java:10:20: compiler.err.duplicate.annotation
1 error
